Analyzing 299 ROIs...
  [1/299] HPAP-004/Body of pancreas/ROI1 ✓ 4895 cells
  [2/299] HPAP-004/Body of pancreas/ROI3 ✓ 4681 cells
  [3/299] HPAP-004/Body of pancreas/ROI4 ✓ 4531 cells
  [4/299] HPAP-004/Head of pancreas/ROI1 ✓ 2276 cells
  [5/299] HPAP-004/Head of pancreas/ROI2 ✓ 3369 cells
  [6/299] HPAP-004/Head of pancreas/ROI3 ✓ 3090 cells
  [7/299] HPAP-004/Tail of pancreas/ROI1 ✓ 4588 cells
  [8/299] HPAP-004/Tail of pancreas/ROI2 ✓ 3115 cells
  [9/299] HPAP-004/Tail of pancreas/ROI3 ✓ 3108 cells
  [10/299] HPAP-005/Body of pancreas/ROI1 ✓ 1673 cells
  [11/299] HPAP-005/Body of pancreas/ROI2 ✓ 2773 cells
  [12/299] HPAP-005/Body of pancreas/ROI3 ✓ 2055 cells
  [13/299] HPAP-005/Head of pancreas/ROI1 ✓ 4842 cells
  [14/299] HPAP-005/Head of pancreas/ROI2 ✓ 3493 cells
  [15/299] HPAP-005/Head of pancreas/ROI3 ✓ 1987 cells
  [16/299] HPAP-005/Tail of pancreas/ROI1 ✓ 385 cells
  [17/299] HPAP-005/Tail of pancreas/ROI2 ✓ 356 cells
  [18/299] HPAP-006/Body of pancreas/ROI4 ✓ 837 cells
  [19/299] HPAP-006/Body of pancreas/ROI5 ✓ 1310 cells
  [20/299] HPAP-006/Body of pancreas/ROI6 ✓ 1104 cells
  [21/299] HPAP-006/Head of pancreas/ROI1 ✓ 2413 cells
  [22/299] HPAP-006/Head of pancreas/ROI2 ✓ 2160 cells
  [23/299] HPAP-006/Head of pancreas/ROI3 ✓ 2090 cells
  [24/299] HPAP-006/Tail of pancreas/ROI1 ✓ 625 cells
  [25/299] HPAP-006/Tail of pancreas/ROI2 ✓ 910 cells
  [26/299] HPAP-006/Tail of pancreas/ROI3 ✓ 560 cells
  [27/299] HPAP-011/Body of pancreas/ROI1 ✓ 453 cells
  [28/299] HPAP-011/Body of pancreas/ROI2 ✓ 346 cells
  [29/299] HPAP-011/Body of pancreas/ROI3 ✓ 361 cells
  [30/299] HPAP-011/Head of pancreas/ROI1 ✓ 785 cells
  [31/299] HPAP-011/Head of pancreas/ROI2 ✓ 570 cells
  [32/299] HPAP-011/Head of pancreas/ROI3 ✓ 675 cells
  [33/299] HPAP-011/Tail of pancreas/ROI1 ✓ 661 cells
  [34/299] HPAP-011/Tail of pancreas/ROI2 ✓ 919 cells
  [35/299] HPAP-011/Tail of pancreas/ROI3 ✓ 1290 cells
  [36/299] HPAP-012/Body of pancreas/ROI1 ✓ 977 cells
  [37/299] HPAP-012/Body of pancreas/ROI2 ✓ 1235 cells
  [38/299] HPAP-012/Body of pancreas/ROI3 ✓ 2035 cells
  [39/299] HPAP-012/Head of pancreas/ROI1 ✓ 4911 cells
  [40/299] HPAP-012/Head of pancreas/ROI2 ✓ 1600 cells
  [41/299] HPAP-012/Head of pancreas/ROI3 ✓ 4715 cells
  [42/299] HPAP-012/Tail of pancreas/ROI1 ✓ 3573 cells
  [43/299] HPAP-012/Tail of pancreas/ROI2 ✓ 2013 cells
  [44/299] HPAP-012/Tail of pancreas/ROI3 ✓ 3286 cells
  [45/299] HPAP-014/Body of pancreas/ROI1 ✓ 424 cells
  [46/299] HPAP-014/Body of pancreas/ROI2 ✓ 2595 cells
  [47/299] HPAP-014/Body of pancreas/ROI3 ✓ 452 cells
  [48/299] HPAP-014/Head of pancreas/ROI1 ✓ 973 cells
  [49/299] HPAP-014/Head of pancreas/ROI2 ✓ 439 cells
  [50/299] HPAP-014/Head of pancreas/ROI3 ✓ 994 cells
  [51/299] HPAP-014/Tail of pancreas/ROI1 ✓ 2223 cells
  [52/299] HPAP-014/Tail of pancreas/ROI2 ✓ 1736 cells
  [53/299] HPAP-014/Tail of pancreas/ROI3 ✓ 771 cells
  [54/299] HPAP-018/Body of pancreas/ROI1 ✓ 3489 cells
  [55/299] HPAP-018/Body of pancreas/ROI2 ✓ 2872 cells
  [56/299] HPAP-018/Body of pancreas/ROI3 ✓ 1533 cells
  [57/299] HPAP-018/Head of pancreas/ROI1 ✓ 4313 cells
  [58/299] HPAP-018/Head of pancreas/ROI2 ✓ 3869 cells
  [59/299] HPAP-018/Tail of pancreas/ROI4 ✓ 1820 cells
  [60/299] HPAP-018/Tail of pancreas/ROI5 ✓ 1814 cells
  [61/299] HPAP-026/Head of pancreas/ROI1 ✓ 493 cells
  [62/299] HPAP-026/Head of pancreas/ROI2 ✓ 526 cells
  [63/299] HPAP-026/Head of pancreas/ROI3 ✓ 2353 cells
  [64/299] HPAP-026/Tail of pancreas/ROI1 ✓ 2414 cells
  [65/299] HPAP-026/Tail of pancreas/ROI2 ✓ 1682 cells
  [66/299] HPAP-026/Tail of pancreas/ROI3 ✓ 1412 cells
  [67/299] HPAP-027/Body of pancreas/ROI1 ✓ 2251 cells
  [68/299] HPAP-027/Body of pancreas/ROI2 ✓ 926 cells
  [69/299] HPAP-027/Body of pancreas/ROI3 ✓ 2022 cells
  [70/299] HPAP-027/Head of pancreas/ROI1 ✓ 980 cells
  [71/299] HPAP-027/Head of pancreas/ROI2 ✓ 990 cells
  [72/299] HPAP-027/Head of pancreas/ROI3 ✓ 1437 cells
  [73/299] HPAP-034/Body of pancreas/ROI1 ✓ 2600 cells
  [74/299] HPAP-034/Body of pancreas/ROI2 ✓ 3855 cells
  [75/299] HPAP-034/Body of pancreas/ROI3 ✓ 3667 cells
  [76/299] HPAP-034/Head of pancreas/ROI1 ✓ 3057 cells
  [77/299] HPAP-034/Head of pancreas/ROI2 ✓ 3605 cells
  [78/299] HPAP-034/Head of pancreas/ROI3 ✓ 3805 cells
  [79/299] HPAP-034/Tail of pancreas/ROI1 ✓ 1272 cells
  [80/299] HPAP-034/Tail of pancreas/ROI2 ✓ 3571 cells
  [81/299] HPAP-034/Tail of pancreas/ROI3 ✓ 2241 cells
  [82/299] HPAP-034/Tail of pancreas/ROI4 ✓ 1620 cells
  [83/299] HPAP-035/Body of pancreas/ROI1 ✓ 4081 cells
  [84/299] HPAP-035/Body of pancreas/ROI2 ✓ 3777 cells
  [85/299] HPAP-035/Body of pancreas/ROI3 ✓ 4037 cells
  [86/299] HPAP-035/Head of pancreas/ROI1 ✓ 4076 cells
  [87/299] HPAP-035/Head of pancreas/ROI2 ✓ 4461 cells
  [88/299] HPAP-035/Head of pancreas/ROI3 ✓ 4243 cells
  [89/299] HPAP-035/Tail of pancreas/ROI1 ✓ 773 cells
  [90/299] HPAP-035/Tail of pancreas/ROI2 ✓ 1223 cells
  [91/299] HPAP-035/Tail of pancreas/ROI3 ✓ 1286 cells
  [92/299] HPAP-036/Body of pancreas/ROI1 ✓ 3808 cells
  [93/299] HPAP-036/Body of pancreas/ROI2 ✓ 3951 cells
  [94/299] HPAP-036/Body of pancreas/ROI3 ✓ 4302 cells
  [95/299] HPAP-036/Head of pancreas/ROI1 ✓ 3418 cells
  [96/299] HPAP-036/Head of pancreas/ROI2 ✓ 3274 cells
  [97/299] HPAP-036/Head of pancreas/ROI3 ✓ 2188 cells
  [98/299] HPAP-036/Tail of pancreas/ROI1 ✓ 2866 cells
  [99/299] HPAP-036/Tail of pancreas/ROI2 ✓ 3169 cells
  [100/299] HPAP-036/Tail of pancreas/ROI3 ✓ 3700 cells
  [101/299] HPAP-037/Body of pancreas/ROI1 ✓ 3565 cells
  [102/299] HPAP-037/Body of pancreas/ROI2 ✓ 2793 cells
  [103/299] HPAP-037/Body of pancreas/ROI3 ✓ 4286 cells
  [104/299] HPAP-037/Head of pancreas/ROI1 ✓ 3471 cells
  [105/299] HPAP-037/Head of pancreas/ROI2 ✓ 4981 cells
  [106/299] HPAP-037/Head of pancreas/ROI3 ✓ 2372 cells
  [107/299] HPAP-037/Tail of pancreas/ROI1 ✓ 1659 cells
  [108/299] HPAP-037/Tail of pancreas/ROI2 ✓ 1413 cells
  [109/299] HPAP-037/Tail of pancreas/ROI3 ✓ 3178 cells
  [110/299] HPAP-039/Body of pancreas/ROI3 ✓ 3565 cells
  [111/299] HPAP-039/Body of pancreas/ROI4 ✓ 2260 cells
  [112/299] HPAP-039/Body of pancreas/ROI5 ✓ 4523 cells
  [113/299] HPAP-039/Head of pancreas/ROI1 ✓ 2463 cells
  [114/299] HPAP-039/Head of pancreas/ROI2 ✓ 2781 cells
  [115/299] HPAP-039/Head of pancreas/ROI4 ✓ 2529 cells
  [116/299] HPAP-039/Tail of pancreas/ROI1 ✓ 3008 cells
  [117/299] HPAP-039/Tail of pancreas/ROI2 ✓ 3181 cells
  [118/299] HPAP-039/Tail of pancreas/ROI3 ✓ 2988 cells
  [119/299] HPAP-040/Body of pancreas/ROI1 ✓ 3148 cells
  [120/299] HPAP-040/Body of pancreas/ROI2 ✓ 1599 cells
  [121/299] HPAP-040/Body of pancreas/ROI3 ✓ 1450 cells
  [122/299] HPAP-040/Head of pancreas/ROI1 ✓ 3560 cells
  [123/299] HPAP-040/Head of pancreas/ROI2 ✓ 3095 cells
  [124/299] HPAP-040/Head of pancreas/ROI3 ✓ 2744 cells
  [125/299] HPAP-040/Tail of pancreas/ROI1 ✓ 3095 cells
  [126/299] HPAP-040/Tail of pancreas/ROI2 ✓ 2734 cells
  [127/299] HPAP-040/Tail of pancreas/ROI3 ✓ 1893 cells
  [128/299] HPAP-042/Body of pancreas/ROI1 ✓ 2583 cells
  [129/299] HPAP-042/Body of pancreas/ROI2 ✓ 1914 cells
  [130/299] HPAP-042/Body of pancreas/ROI3 ✓ 944 cells
  [131/299] HPAP-042/Tail of pancreas/ROI1 ✓ 1619 cells
  [132/299] HPAP-042/Tail of pancreas/ROI2 ✓ 1874 cells
  [133/299] HPAP-046/Body of pancreas/ROI1 ✓ 1775 cells
  [134/299] HPAP-046/Body of pancreas/ROI2 ✓ 2811 cells
  [135/299] HPAP-046/Body of pancreas/ROI3 ✓ 2826 cells
  [136/299] HPAP-046/Head of pancreas/ROI1 ✓ 3038 cells
  [137/299] HPAP-046/Head of pancreas/ROI3 ✓ 452 cells
  [138/299] HPAP-046/Tail of pancreas/ROI1 ✓ 4157 cells
  [139/299] HPAP-046/Tail of pancreas/ROI2 ✓ 3533 cells
  [140/299] HPAP-046/Tail of pancreas/ROI3 ✓ 3076 cells
  [141/299] HPAP-047/Body of pancreas/ROI1 ✓ 3161 cells
  [142/299] HPAP-047/Body of pancreas/ROI2 ✓ 2325 cells
  [143/299] HPAP-047/Body of pancreas/ROI3 ✓ 2049 cells
  [144/299] HPAP-052/Body of pancreas/ROI1 ✓ 2627 cells
  [145/299] HPAP-052/Body of pancreas/ROI2 ✓ 3648 cells
  [146/299] HPAP-052/Body of pancreas/ROI3 ✓ 4181 cells
  [147/299] HPAP-052/Head of pancreas/ROI1 ✓ 4061 cells
  [148/299] HPAP-052/Head of pancreas/ROI2 ✓ 3374 cells
  [149/299] HPAP-052/Head of pancreas/ROI3 ✓ 3950 cells
  [150/299] HPAP-052/Tail of pancreas/ROI1 ✓ 3733 cells
  [151/299] HPAP-052/Tail of pancreas/ROI2 ✓ 3775 cells
  [152/299] HPAP-052/Tail of pancreas/ROI3 ✓ 4653 cells
  [153/299] HPAP-053/Body of pancreas/ROI1 ✓ 3978 cells
  [154/299] HPAP-053/Body of pancreas/ROI2 ✓ 3480 cells
  [155/299] HPAP-053/Body of pancreas/ROI3 ✓ 3263 cells
  [156/299] HPAP-053/Head of pancreas/ROI1 ✓ 4518 cells
  [157/299] HPAP-053/Head of pancreas/ROI2 ✓ 4214 cells
  [158/299] HPAP-053/Head of pancreas/ROI3 ✓ 3760 cells
  [159/299] HPAP-053/Tail of pancreas/ROI1 ✓ 2076 cells
  [160/299] HPAP-053/Tail of pancreas/ROI2 ✓ 3526 cells
  [161/299] HPAP-053/Tail of pancreas/ROI3 ✓ 3255 cells
  [162/299] HPAP-054/Body of pancreas/ROI1 ✓ 2971 cells
  [163/299] HPAP-054/Body of pancreas/ROI2 ✓ 4077 cells
  [164/299] HPAP-054/Body of pancreas/ROI3 ✓ 2839 cells
  [165/299] HPAP-054/Head of pancreas/ROI1 ✓ 2185 cells
  [166/299] HPAP-054/Head of pancreas/ROI2 ✓ 3592 cells
  [167/299] HPAP-054/Head of pancreas/ROI3 ✓ 2037 cells
  [168/299] HPAP-054/Tail of pancreas/ROI1 ✓ 2847 cells
  [169/299] HPAP-054/Tail of pancreas/ROI2 ✓ 2885 cells
  [170/299] HPAP-054/Tail of pancreas/ROI3 ✓ 1424 cells
  [171/299] HPAP-056/Body of pancreas/ROI2 ✓ 3687 cells
  [172/299] HPAP-056/Body of pancreas/ROI3 ✓ 3242 cells
  [173/299] HPAP-056/Body of pancreas/ROI5 ✓ 2679 cells
  [174/299] HPAP-056/Head of pancreas/ROI1 ✓ 7951 cells
  [175/299] HPAP-056/Head of pancreas/ROI2 ✓ 2003 cells
  [176/299] HPAP-056/Tail of pancreas/ROI1 ✓ 3316 cells
  [177/299] HPAP-056/Tail of pancreas/ROI2 ✓ 3118 cells
  [178/299] HPAP-056/Tail of pancreas/ROI3 ✓ 3121 cells
  [179/299] HPAP-059/Body of pancreas/ROI1 ✓ 1788 cells
  [180/299] HPAP-059/Body of pancreas/ROI2 ✓ 1690 cells
  [181/299] HPAP-059/Body of pancreas/ROI3 ✓ 2430 cells
  [182/299] HPAP-059/Head of pancreas/ROI2 ✓ 4692 cells
  [183/299] HPAP-059/Head of pancreas/ROI3 ✓ 3334 cells
  [184/299] HPAP-059/Head of pancreas/ROI4 ✓ 7110 cells
  [185/299] HPAP-059/Tail of pancreas/ROI1 ✓ 2474 cells
  [186/299] HPAP-059/Tail of pancreas/ROI2 ✓ 2032 cells
  [187/299] HPAP-059/Tail of pancreas/ROI3 ✓ 2724 cells
  [188/299] HPAP-063/Body of pancreas/ROI1 ✓ 2544 cells
  [189/299] HPAP-063/Body of pancreas/ROI2 ✓ 2517 cells
  [190/299] HPAP-063/Body of pancreas/ROI3 ✓ 1664 cells
  [191/299] HPAP-063/Head of pancreas/ROI1 ✓ 3189 cells
  [192/299] HPAP-063/Head of pancreas/ROI2 ✓ 2150 cells
  [193/299] HPAP-063/Head of pancreas/ROI3 ✓ 3354 cells
  [194/299] HPAP-063/Tail of pancreas/ROI1 ✓ 2698 cells
  [195/299] HPAP-063/Tail of pancreas/ROI2 ✓ 2862 cells
  [196/299] HPAP-063/Tail of pancreas/ROI3 ✓ 4775 cells
  [197/299] HPAP-066/Head of pancreas/ROI3 ✓ 3676 cells
  [198/299] HPAP-066/Head of pancreas/ROI4 ✓ 4787 cells
  [199/299] HPAP-066/Head of pancreas/ROI5 ✓ 4864 cells
  [200/299] HPAP-066/Tail of pancreas/ROI2 ✓ 3568 cells
  [201/299] HPAP-066/Tail of pancreas/ROI3 ✓ 4154 cells
  [202/299] HPAP-066/Tail of pancreas/ROI5 ✓ 4386 cells
  [203/299] HPAP-067/Body of pancreas/ROI1 ✓ 2954 cells
  [204/299] HPAP-067/Body of pancreas/ROI2 ✓ 4242 cells
  [205/299] HPAP-067/Body of pancreas/ROI3 ✓ 4108 cells
  [206/299] HPAP-067/Head of pancreas/ROI1 ✓ 3748 cells
  [207/299] HPAP-067/Head of pancreas/ROI2 ✓ 4278 cells
  [208/299] HPAP-067/Head of pancreas/ROI3 ✓ 4564 cells
  [209/299] HPAP-067/Tail of pancreas/ROI1 ✓ 2303 cells
  [210/299] HPAP-067/Tail of pancreas/ROI2 ✓ 3313 cells
  [211/299] HPAP-067/Tail of pancreas/ROI3 ✓ 3639 cells
  [212/299] HPAP-074/Body of pancreas/ROI1 ✓ 3872 cells
  [213/299] HPAP-074/Body of pancreas/ROI2 ✓ 2635 cells
  [214/299] HPAP-074/Body of pancreas/ROI3 ✓ 3030 cells
  [215/299] HPAP-074/Head of pancreas/ROI3 ✓ 2920 cells
  [216/299] HPAP-074/Head of pancreas/ROI4 ✓ 2034 cells
  [217/299] HPAP-074/Head of pancreas/ROI5 ✓ 3196 cells
  [218/299] HPAP-075/Body of pancreas/ROI1 ✓ 5218 cells
  [219/299] HPAP-075/Body of pancreas/ROI3 ✓ 4915 cells
  [220/299] HPAP-075/Body of pancreas/ROI4 ✓ 4888 cells
  [221/299] HPAP-075/Head of pancreas/ROI1 ✓ 4951 cells
  [222/299] HPAP-075/Head of pancreas/ROI2 ✓ 4793 cells
  [223/299] HPAP-075/Head of pancreas/ROI3 ✓ 5029 cells
  [224/299] HPAP-075/Tail of pancreas/ROI1 ✓ 4363 cells
  [225/299] HPAP-075/Tail of pancreas/ROI2 ✓ 9330 cells
  [226/299] HPAP-075/Tail of pancreas/ROI6 ✓ 8183 cells
  [227/299] HPAP-080/Head of pancreas/ROI1 ✓ 4927 cells
  [228/299] HPAP-080/Head of pancreas/ROI2 ✓ 4657 cells
  [229/299] HPAP-080/Head of pancreas/ROI3 ✓ 4779 cells
  [230/299] HPAP-080/Tail of pancreas/ROI1 ✓ 9414 cells
  [231/299] HPAP-080/Tail of pancreas/ROI2 ✓ 8870 cells
  [232/299] HPAP-080/Tail of pancreas/ROI3 ✓ 4916 cells
  [233/299] HPAP-082/Body of pancreas/ROI1 ✓ 4029 cells
  [234/299] HPAP-082/Body of pancreas/ROI4 ✓ 4216 cells
  [235/299] HPAP-082/Head of pancreas/ROI1 ✓ 4256 cells
  [236/299] HPAP-082/Head of pancreas/ROI2 ✓ 4320 cells
  [237/299] HPAP-082/Head of pancreas/ROI3 ✓ 3103 cells
  [238/299] HPAP-082/Tail of pancreas/ROI1 ✓ 4044 cells
  [239/299] HPAP-082/Tail of pancreas/ROI3 ✓ 4219 cells
  [240/299] HPAP-082/Tail of pancreas/ROI5 ✓ 3926 cells
  [241/299] HPAP-093/Body of pancreas/ROI2 ✓ 3746 cells
  [242/299] HPAP-093/Body of pancreas/ROI3 ✓ 3438 cells
  [243/299] HPAP-093/Body of pancreas/ROI6 ✓ 4233 cells
  [244/299] HPAP-093/Head of pancreas/ROI1 ✓ 3218 cells
  [245/299] HPAP-093/Head of pancreas/ROI3 ✓ 2625 cells
  [246/299] HPAP-093/Head of pancreas/ROI5 ✓ 4119 cells
  [247/299] HPAP-093/Tail of pancreas/ROI1 ✓ 2954 cells
  [248/299] HPAP-093/Tail of pancreas/ROI2 ✓ 4406 cells
  [249/299] HPAP-093/Tail of pancreas/ROI3 ✓ 4350 cells
  [250/299] HPAP-095/Body of pancreas/ROI1 ✓ 3152 cells
  [251/299] HPAP-095/Body of pancreas/ROI3 ✓ 4393 cells
  [252/299] HPAP-095/Body of pancreas/ROI4 ✓ 4274 cells
  [253/299] HPAP-095/Head of pancreas/ROI1 ✓ 3919 cells
  [254/299] HPAP-095/Head of pancreas/ROI2 ✓ 4309 cells
  [255/299] HPAP-095/Head of pancreas/ROI3 ✓ 4207 cells
  [256/299] HPAP-095/Tail of pancreas/ROI1 ✓ 3981 cells
  [257/299] HPAP-095/Tail of pancreas/ROI2 ✓ 3905 cells
  [258/299] HPAP-095/Tail of pancreas/ROI5 ✓ 4074 cells
  [259/299] HPAP-099/Body of pancreas/ROI1 ✓ 4057 cells
  [260/299] HPAP-099/Body of pancreas/ROI2 ✓ 5461 cells
  [261/299] HPAP-099/Body of pancreas/ROI3 ✓ 4080 cells
  [262/299] HPAP-099/Head of pancreas/ROI1 ✓ 4322 cells
  [263/299] HPAP-099/Head of pancreas/ROI3 ✓ 3581 cells
  [264/299] HPAP-099/Head of pancreas/ROI4 ✓ 3250 cells
  [265/299] HPAP-099/Tail of pancreas/ROI1 ✓ 3467 cells
  [266/299] HPAP-099/Tail of pancreas/ROI2 ✓ 3384 cells
  [267/299] HPAP-099/Tail of pancreas/ROI3 ✓ 4117 cells
  [268/299] HPAP-105/Body of pancreas/ROI1 ✓ 2861 cells
  [269/299] HPAP-105/Body of pancreas/ROI4 ✓ 3615 cells
  [270/299] HPAP-105/Body of pancreas/ROI5 ✓ 3601 cells
  [271/299] HPAP-105/Head of pancreas/ROI1 ✓ 3050 cells
  [272/299] HPAP-105/Head of pancreas/ROI2 ✓ 2777 cells
  [273/299] HPAP-105/Head of pancreas/ROI3 ✓ 2556 cells
  [274/299] HPAP-105/Tail of pancreas/ROI2 ✓ 3760 cells
  [275/299] HPAP-105/Tail of pancreas/ROI3 ✓ 3670 cells
  [276/299] HPAP-105/Tail of pancreas/ROI4 ✓ 3391 cells
  [277/299] HPAP-118/Body of pancreas/ROI1 ✓ 3777 cells
  [278/299] HPAP-118/Body of pancreas/ROI2 ✓ 3302 cells
  [279/299] HPAP-118/Body of pancreas/ROI3 ✓ 2810 cells
  [280/299] HPAP-118/Head of pancreas/ROI1 ✓ 2698 cells
  [281/299] HPAP-118/Head of pancreas/ROI2 ✓ 1807 cells
  [282/299] HPAP-118/Head of pancreas/ROI4 ✓ 2744 cells
  [283/299] HPAP-118/Tail of pancreas/ROI1 ✓ 2331 cells
  [284/299] HPAP-118/Tail of pancreas/ROI2 ✓ 2511 cells
  [285/299] HPAP-118/Tail of pancreas/ROI3 ✓ 3167 cells
  [286/299] HPAP-136/Body of pancreas/ROI1 ✓ 4758 cells
  [287/299] HPAP-136/Body of pancreas/ROI2 ✓ 5579 cells
  [288/299] HPAP-139/Tail of pancreas/ROI1 ✓ 4781 cells
  [289/299] HPAP-139/Tail of pancreas/ROI2 ✓ 4632 cells
  [290/299] HPAP-139/Tail of pancreas/ROI3 ✓ 4271 cells
  [291/299] HPAP-146/Body of pancreas/ROI1 ✓ 4324 cells
  [292/299] HPAP-146/Body of pancreas/ROI2 ✓ 4347 cells
  [293/299] HPAP-146/Body of pancreas/ROI4 ✓ 4554 cells
  [294/299] HPAP-146/Head of pancreas/ROI3 ✓ 4585 cells
  [295/299] HPAP-146/Head of pancreas/ROI4 ✓ 4586 cells
  [296/299] HPAP-146/Head of pancreas/ROI5 ✓ 5432 cells
  [297/299] HPAP-146/Tail of pancreas/ROI1 ✓ 4108 cells
  [298/299] HPAP-146/Tail of pancreas/ROI2 ✓ 7836 cells
  [299/299] HPAP-146/Tail of pancreas/ROI3 /home/chase/PDAC/healthy_imc/analysis/spatial_analysis.py:226: MatplotlibDeprecationWarning: The 'labels' parameter of boxplot() has been renamed 'tick_labels' since Matplotlib 3.9; support for the old name will be dropped in 3.11.
  bp = ax.boxplot(vals, patch_artist=True, labels=subtypes)
/home/chase/PDAC/healthy_imc/analysis/spatial_analysis.py:242: MatplotlibDeprecationWarning: The 'labels' parameter of boxplot() has been renamed 'tick_labels' since Matplotlib 3.9; support for the old name will be dropped in 3.11.
  ax.boxplot(medians, patch_artist=True, labels=subtypes)
✓ 4362 cells

Saved density_summary.csv (299 ROIs)
Saved ripley_L.csv (26780 rows)
Saved septa_distances.csv
Saved nn_distances.csv
Generating plots...
Saved figures → /home/chase/PDAC/healthy_imc/analysis/spatial/figures

=== Mean density (cells/mm²) ± std ===
  cd4_t               :    11.7 ± 28.9
  cd8_t               :    44.1 ± 93.0
  b_cell              :    22.2 ± 56.5
  macrophage          :   176.0 ± 191.0
  mdsc                :   115.5 ± 253.3
  other_immune        :   762.9 ± 619.0
  fibroblast          :    64.5 ± 175.4
  endothelial         :   141.0 ± 224.5
